---
source: dwarf-parser/tests/snapshot_tests.rs
expression: decls
---
[
  {
    "UnionDef": {
      "name": "Shape",
      "variants": [
        {
          "name": "Circle",
          "arg": {
            "Named": "f64"
          }
        },
        {
          "name": "Square",
          "arg": {
            "Named": "f64"
          }
        }
      ],
      "span": {
        "file_id": 0,
        "start": 0,
        "end": 38
      }
    }
  }
]
