---
source: dwarf-parser/tests/snapshot_tests.rs
expression: decls
---
[
  {
    "TypeDef": {
      "name": "Point",
      "type_": {
        "Record": [
          [
            "x",
            {
              "Named": "i32"
            }
          ],
          [
            "y",
            {
              "Named": "i32"
            }
          ]
        ]
      },
      "is_pub": false,
      "span": {
        "file_id": 0,
        "start": 0,
        "end": 31
      }
    }
  }
]
