---
source: dwarf-lexer/tests/lexer_tests.rs
expression: tokens
---
[
    "Fn",
    "Ident(\"add\")",
    "LParen",
    "Ident(\"a\")",
    "Colon",
    "Ident(\"i32\")",
    "Comma",
    "Ident(\"b\")",
    "Colon",
    "Ident(\"i32\")",
    "RParen",
    "Arrow",
    "Ident(\"i32\")",
    "LBrace",
    "Ident(\"a\")",
    "Plus",
    "Ident(\"b\")",
    "RBrace",
    "Eof",
]
